// Vitest Snapshot v1, https://vitest.dev/guide/snapshot.html

exports[`MetaTextSuggestable.vue (real PrimeVue AutoComplete) > snapshot: structure stays stable 1`] = `
"<div style="position: relative;" data-pc-name="autocomplete" pc15="" data-pc-section="root"><input type="text" class="w-full" tabindex="0" autocomplete="off" role="combobox" aria-haspopup="listbox" aria-autocomplete="list" aria-expanded="false" aria-controls="undefined_panel" data-pc-name="pcinputtext" data-pc-extend="inputtext" pc16="" data-pc-section="root" value="seed">
  <!---->
  <!---->
  <!----><span role="status" aria-live="polite" class="p-hidden-accessible" data-pc-section="hiddensearchresult" data-p-hidden-accessible="true">No results found</span>
  <!---->
</div>"
`;
